     1                              <1> %ifdef OSX
     2                              <1> %macro defaultrel  0.nolist
     3                              <1>         default  rel
     4                              <1> %endmacro
     5                              <1> %define main _main
     6                              <1> %macro cname 1-*
     7                              <1> %rep %0
     8                              <1> %define %1 _ %+ %1
     9                              <1> %rotate 1
    10                              <1> %endrep
    11                              <1> %endmacro
    12                              <1> %macro CNAME 1-*
    13                              <1> %rep %0
    14                              <1> %define %1 _ %+ %1
    15                              <1> %rotate 1
    16                              <1> %endrep
    17                              <1> %endmacro
    18                              <1> %define abort _ %+ abort
    19                              <1> %define abs _ %+ abs
    20                              <1> %define acos _ %+ acos
    21                              <1> %define alarm _ %+ alarm
    22                              <1> %define alloca _ %+ alloca
    23                              <1> %define asctime _ %+ asctime
    24                              <1> %define asin _ %+ asin
    25                              <1> %define atan _ %+ atan
    26                              <1> %define atexit _ %+ atexit
    27                              <1> %define atof _ %+ atof
    28                              <1> %define atoi _ %+ atoi
    29                              <1> %define atol _ %+ atol
    30                              <1> %define basename _ %+ basename
    31                              <1> %define bcmp _ %+ bcmp
    32                              <1> %define bcopy _ %+ bcopy
    33                              <1> %define break _ %+ break
    34                              <1> %define brk _ %+ brk
    35                              <1> %define bsearch _ %+ bsearch
    36                              <1> %define bzero _ %+ bzero
    37                              <1> %define calloc _ %+ calloc
    38                              <1> %define ceil _ %+ ceil
    39                              <1> %define ceilf _ %+ ceilf
    40                              <1> %define chdir _ %+ chdir
    41                              <1> %define chmod _ %+ chmod
    42                              <1> %define chown _ %+ chown
    43                              <1> %define chroot _ %+ chroot
    44                              <1> %define clearenv _ %+ clearenv
    45                              <1> %define clock _ %+ clock
    46                              <1> %define close _ %+ close
    47                              <1> %define closedir _ %+ closedir
    48                              <1> %define cos _ %+ cos
    49                              <1> %define creat _ %+ creat
    50                              <1> %define ctime _ %+ ctime
    51                              <1> %define cuserid _ %+ cuserid
    52                              <1> %define difftime _ %+ difftime
    53                              <1> %define dirname _ %+ dirname
    54                              <1> %define drand48 _ %+ drand48
    55                              <1> %define dup _ %+ dup
    56                              <1> %define dup2 _ %+ dup2
    57                              <1> %define dup3 _ %+ dup3
    58                              <1> %define erf _ %+ erf
    59                              <1> %define errno _ %+ errno
    60                              <1> %define exec _ %+ exec
    61                              <1> %define execl _ %+ execl
    62                              <1> %define execle _ %+ execle
    63                              <1> %define execlp _ %+ execlp
    64                              <1> %define execv _ %+ execv
    65                              <1> %define execve _ %+ execve
    66                              <1> %define execvp _ %+ execvp
    67                              <1> %define execvpe _ %+ execvpe
    68                              <1> %define exit _ %+ exit
    69                              <1> %define exp _ %+ exp
    70                              <1> %define fclose _ %+ fclose
    71                              <1> %define fcntl _ %+ fcntl
    72                              <1> %define fdopen _ %+ fdopen
    73                              <1> %define fdopendir _ %+ fdopendir
    74                              <1> %define feof _ %+ feof
    75                              <1> %define fflush _ %+ fflush
    76                              <1> %define fgetc _ %+ fgetc
    77                              <1> %define fgets _ %+ fgets
    78                              <1> %define fileno _ %+ fileno
    79                              <1> %define flock _ %+ flock
    80                              <1> %define floor _ %+ floor
    81                              <1> %define fopen _ %+ fopen
    82                              <1> %define fork _ %+ fork
    83                              <1> %define fprintf _ %+ fprintf
    84                              <1> %define fputc _ %+ fputc
    85                              <1> %define fputs _ %+ fputs
    86                              <1> %define fread _ %+ fread
    87                              <1> %define free _ %+ free
    88                              <1> %define freopen _ %+ freopen
    89                              <1> %define fscanf _ %+ fscanf
    90                              <1> %define fseek _ %+ fseek
    91                              <1> %define fsetpos _ %+ fsetpos
    92                              <1> %define fstat _ %+ fstat
    93                              <1> %define fsync _ %+ fsync
    94                              <1> %define ftell _ %+ ftell
    95                              <1> %define ftime _ %+ ftime
    96                              <1> %define ftok _ %+ ftok
    97                              <1> %define funlockfile _ %+ funlockfile
    98                              <1> %define getc _ %+ getc
    99                              <1> %define getchar _ %+ getchar
   100                              <1> %define get_current_dir_name _ %+ get_current_dir_name
   101                              <1> %define getcwd _ %+ getcwd
   102                              <1> %define getdate _ %+ getdate
   103                              <1> %define getegid _ %+ getegid
   104                              <1> %define getenv _ %+ getenv
   105                              <1> %define geteuid _ %+ geteuid
   106                              <1> %define getgid _ %+ getgid
   107                              <1> %define getgrgid _ %+ getgrgid
   108                              <1> %define getgrnam _ %+ getgrnam
   109                              <1> %define getgroups _ %+ getgroups
   110                              <1> %define getline _ %+ getline
   111                              <1> %define getopt _ %+ getopt
   112                              <1> %define getpagesize _ %+ getpagesize
   113                              <1> %define getpass _ %+ getpass
   114                              <1> %define getpgid _ %+ getpgid
   115                              <1> %define getpgrp _ %+ getpgrp
   116                              <1> %define getpid _ %+ getpid
   117                              <1> %define getpmsg _ %+ getpmsg
   118                              <1> %define getppid _ %+ getppid
   119                              <1> %define getpt _ %+ getpt
   120                              <1> %define getpw _ %+ getpw
   121                              <1> %define getpwent _ %+ getpwent
   122                              <1> %define getpwnam _ %+ getpwnam
   123                              <1> %define getpwuid _ %+ getpwuid
   124                              <1> %define gets _ %+ gets
   125                              <1> %define getsid _ %+ getsid
   126                              <1> %define gettimeofday _ %+ gettimeofday
   127                              <1> %define getuid _ %+ getuid
   128                              <1> %define getumask _ %+ getumask
   129                              <1> %define getwd _ %+ getwd
   130                              <1> %define glob _ %+ glob
   131                              <1> %define globfree _ %+ globfree
   132                              <1> %define gmtime _ %+ gmtime
   133                              <1> %define index _ %+ index
   134                              <1> %define ioctl _ %+ ioctl
   135                              <1> %define ioperm _ %+ ioperm
   136                              <1> %define kill _ %+ kill
   137                              <1> %define killpg _ %+ killpg
   138                              <1> %define link _ %+ link
   139                              <1> %define localtime _ %+ localtime
   140                              <1> %define lock _ %+ lock
   141                              <1> %define lockf _ %+ lockf
   142                              <1> %define lseek _ %+ lseek
   143                              <1> %define lstat _ %+ lstat
   144                              <1> %define malloc _ %+ malloc
   145                              <1> %define memccpy _ %+ memccpy
   146                              <1> %define memchr _ %+ memchr
   147                              <1> %define memcmp _ %+ memcmp
   148                              <1> %define memcpy _ %+ memcpy
   149                              <1> %define memfrob _ %+ memfrob
   150                              <1> %define memmem _ %+ memmem
   151                              <1> %define memmove _ %+ memmove
   152                              <1> %define mempcpy _ %+ mempcpy
   153                              <1> %define memrchr _ %+ memrchr
   154                              <1> %define memset _ %+ memset
   155                              <1> %define mkdir _ %+ mkdir
   156                              <1> %define mkdtemp _ %+ mkdtemp
   157                              <1> %define mkfifo _ %+ mkfifo
   158                              <1> %define mknod _ %+ mknod
   159                              <1> %define mktemp _ %+ mktemp
   160                              <1> %define mktime _ %+ mktime
   161                              <1> %define mlock _ %+ mlock
   162                              <1> %define mlockall _ %+ mlockall
   163                              <1> %define mmap _ %+ mmap
   164                              <1> %define nanosleep _ %+ nanosleep
   165                              <1> %define nice _ %+ nice
   166                              <1> %define on_exit _ %+ on_exit
   167                              <1> %define open _ %+ open
   168                              <1> %define opendir _ %+ opendir
   169                              <1> %define optarg _ %+ optarg
   170                              <1> %define opterr _ %+ opterr
   171                              <1> %define optind _ %+ optind
   172                              <1> %define optopt _ %+ optopt
   173                              <1> %define pause _ %+ pause
   174                              <1> %define perror _ %+ perror
   175                              <1> %define pipe _ %+ pipe
   176                              <1> %define pipe2 _ %+ pipe2
   177                              <1> %define popen _ %+ popen
   178                              <1> %define pow _ %+ pow
   179                              <1> %define printf _ %+ printf
   180                              <1> %define pthread_attr_destroy _ %+ pthread_attr_destroy
   181                              <1> %define pthread_attr_getaffinity_np _ %+ pthread_attr_getaffinity_np
   182                              <1> %define pthread_attr_getdetachstate _ %+ pthread_attr_getdetachstate
   183                              <1> %define pthread_attr_getguardsize _ %+ pthread_attr_getguardsize
   184                              <1> %define pthread_attr_getinheritsched _ %+ pthread_attr_getinheritsched
   185                              <1> %define pthread_attr_getschedparam _ %+ pthread_attr_getschedparam
   186                              <1> %define pthread_attr_getschedpolicy _ %+ pthread_attr_getschedpolicy
   187                              <1> %define pthread_attr_getscope _ %+ pthread_attr_getscope
   188                              <1> %define pthread_attr_getstack _ %+ pthread_attr_getstack
   189                              <1> %define pthread_attr_getstackaddr _ %+ pthread_attr_getstackaddr
   190                              <1> %define pthread_attr_getstacksize _ %+ pthread_attr_getstacksize
   191                              <1> %define pthread_attr_init _ %+ pthread_attr_init
   192                              <1> %define pthread_attr_setaffinity_np _ %+ pthread_attr_setaffinity_np
   193                              <1> %define pthread_attr_setdetachstate _ %+ pthread_attr_setdetachstate
   194                              <1> %define pthread_attr_setguardsize _ %+ pthread_attr_setguardsize
   195                              <1> %define pthread_attr_setinheritsched _ %+ pthread_attr_setinheritsched
   196                              <1> %define pthread_attr_setschedparam _ %+ pthread_attr_setschedparam
   197                              <1> %define pthread_attr_setschedpolicy _ %+ pthread_attr_setschedpolicy
   198                              <1> %define pthread_attr_setscope _ %+ pthread_attr_setscope
   199                              <1> %define pthread_attr_setstack _ %+ pthread_attr_setstack
   200                              <1> %define pthread_attr_setstackaddr _ %+ pthread_attr_setstackaddr
   201                              <1> %define pthread_attr_setstacksize _ %+ pthread_attr_setstacksize
   202                              <1> %define pthread_cancel _ %+ pthread_cancel
   203                              <1> %define pthread_cleanup_pop _ %+ pthread_cleanup_pop
   204                              <1> %define pthread_cleanup_pop_restore_np _ %+ pthread_cleanup_pop_restore_np
   205                              <1> %define pthread_cleanup_push _ %+ pthread_cleanup_push
   206                              <1> %define pthread_cleanup_push_defer_np _ %+ pthread_cleanup_push_defer_np
   207                              <1> %define pthread_create _ %+ pthread_create
   208                              <1> %define pthread_detach _ %+ pthread_detach
   209                              <1> %define pthread_equal _ %+ pthread_equal
   210                              <1> %define pthread_exit _ %+ pthread_exit
   211                              <1> %define pthread_getaffinity_np _ %+ pthread_getaffinity_np
   212                              <1> %define pthread_getattr_np _ %+ pthread_getattr_np
   213                              <1> %define pthread_getconcurrency _ %+ pthread_getconcurrency
   214                              <1> %define pthread_getcpuclockid _ %+ pthread_getcpuclockid
   215                              <1> %define pthread_getschedparam _ %+ pthread_getschedparam
   216                              <1> %define pthread_join _ %+ pthread_join
   217                              <1> %define pthread_kill _ %+ pthread_kill
   218                              <1> %define pthread_kill_other_threads_np _ %+ pthread_kill_other_threads_np
   219                              <1> %define pthread_self _ %+ pthread_self
   220                              <1> %define pthread_setaffinity_np _ %+ pthread_setaffinity_np
   221                              <1> %define pthread_setcancelstate _ %+ pthread_setcancelstate
   222                              <1> %define pthread_setcanceltype _ %+ pthread_setcanceltype
   223                              <1> %define pthread_setconcurrency _ %+ pthread_setconcurrency
   224                              <1> %define pthread_setschedparam _ %+ pthread_setschedparam
   225                              <1> %define pthread_setschedprio _ %+ pthread_setschedprio
   226                              <1> %define pthread_sigmask _ %+ pthread_sigmask
   227                              <1> %define pthread_sigqueue _ %+ pthread_sigqueue
   228                              <1> %define pthread_testcancel _ %+ pthread_testcancel
   229                              <1> %define pthread_timedjoin_np _ %+ pthread_timedjoin_np
   230                              <1> %define pthread_tryjoin_np _ %+ pthread_tryjoin_np
   231                              <1> %define pthread_yield _ %+ pthread_yield
   232                              <1> %define putc _ %+ putc
   233                              <1> %define putchar _ %+ putchar
   234                              <1> %define putenv _ %+ putenv
   235                              <1> %define puts _ %+ puts
   236                              <1> %define qsort _ %+ qsort
   237                              <1> %define raise _ %+ raise
   238                              <1> %define rand _ %+ rand
   239                              <1> %define random _ %+ random
   240                              <1> %define read _ %+ read
   241                              <1> %define readahead _ %+ readahead
   242                              <1> %define readdir _ %+ readdir
   243                              <1> %define readline _ %+ readline
   244                              <1> %define realloc _ %+ realloc
   245                              <1> %define remove _ %+ remove
   246                              <1> %define rename _ %+ rename
   247                              <1> %define rewind _ %+ rewind
   248                              <1> %define rewinddir _ %+ rewinddir
   249                              <1> %define rindex _ %+ rindex
   250                              <1> %define rmdir _ %+ rmdir
   251                              <1> %define sbrk _ %+ sbrk
   252                              <1> %define scandir _ %+ scandir
   253                              <1> %define scanf _ %+ scanf
   254                              <1> %define seed48 _ %+ seed48
   255                              <1> %define seekdir _ %+ seekdir
   256                              <1> %define setbuf _ %+ setbuf
   257                              <1> %define setbuffer _ %+ setbuffer
   258                              <1> %define setegid _ %+ setegid
   259                              <1> %define setenv _ %+ setenv
   260                              <1> %define seteuid _ %+ seteuid
   261                              <1> %define setgid _ %+ setgid
   262                              <1> %define setgroups _ %+ setgroups
   263                              <1> %define setjmp _ %+ setjmp
   264                              <1> %define setlinebuf _ %+ setlinebuf
   265                              <1> %define setpgid _ %+ setpgid
   266                              <1> %define setpgrp _ %+ setpgrp
   267                              <1> %define setregid _ %+ setregid
   268                              <1> %define setresgid _ %+ setresgid
   269                              <1> %define setresuid _ %+ setresuid
   270                              <1> %define setreuid _ %+ setreuid
   271                              <1> %define setsid _ %+ setsid
   272                              <1> %define setuid _ %+ setuid
   273                              <1> %define setvbuf _ %+ setvbuf
   274                              <1> %define signal _ %+ signal
   275                              <1> %define sin _ %+ sin
   276                              <1> %define sincos _ %+ sincos
   277                              <1> %define sleep _ %+ sleep
   278                              <1> %define snprintf _ %+ snprintf
   279                              <1> %define sprintf _ %+ sprintf
   280                              <1> %define sqrt _ %+ sqrt
   281                              <1> %define srand _ %+ srand
   282                              <1> %define srand48 _ %+ srand48
   283                              <1> %define srandom _ %+ srandom
   284                              <1> %define sscanf _ %+ sscanf
   285                              <1> %define stat _ %+ stat
   286                              <1> %define statfs _ %+ statfs
   287                              <1> %define stderr _ %+ stderr
   288                              <1> %define stdin _ %+ stdin
   289                              <1> %define stdout _ %+ stdout
   290                              <1> %define stpcpy _ %+ stpcpy
   291                              <1> %define stpncpy _ %+ stpncpy
   292                              <1> %define strcasecmp _ %+ strcasecmp
   293                              <1> %define strcasestr _ %+ strcasestr
   294                              <1> %define strcat _ %+ strcat
   295                              <1> %define strchr _ %+ strchr
   296                              <1> %define strchrnul _ %+ strchrnul
   297                              <1> %define strcmp _ %+ strcmp
   298                              <1> %define strcoll _ %+ strcoll
   299                              <1> %define strcpy _ %+ strcpy
   300                              <1> %define strcspn _ %+ strcspn
   301                              <1> %define strdup _ %+ strdup
   302                              <1> %define strdupa _ %+ strdupa
   303                              <1> %define strerror _ %+ strerror
   304                              <1> %define strfry _ %+ strfry
   305                              <1> %define strftime _ %+ strftime
   306                              <1> %define strlen _ %+ strlen
   307                              <1> %define strncasecmp _ %+ strncasecmp
   308                              <1> %define strncat _ %+ strncat
   309                              <1> %define strncmp _ %+ strncmp
   310                              <1> %define strncpy _ %+ strncpy
   311                              <1> %define strndup _ %+ strndup
   312                              <1> %define strndupa _ %+ strndupa
   313                              <1> %define strnlen _ %+ strnlen
   314                              <1> %define strpbrk _ %+ strpbrk
   315                              <1> %define strptime _ %+ strptime
   316                              <1> %define strrchr _ %+ strrchr
   317                              <1> %define strsep _ %+ strsep
   318                              <1> %define strsignal _ %+ strsignal
   319                              <1> %define strspn _ %+ strspn
   320                              <1> %define strstr _ %+ strstr
   321                              <1> %define strtod _ %+ strtod
   322                              <1> %define strtof _ %+ strtof
   323                              <1> %define strtoimax _ %+ strtoimax
   324                              <1> %define strtok _ %+ strtok
   325                              <1> %define strtol _ %+ strtol
   326                              <1> %define strtold _ %+ strtold
   327                              <1> %define strtoul _ %+ strtoul
   328                              <1> %define swab _ %+ swab
   329                              <1> %define symlink _ %+ symlink
   330                              <1> %define sync _ %+ sync
   331                              <1> %define sysctl _ %+ sysctl
   332                              <1> %define system _ %+ system
   333                              <1> %define tan _ %+ tan
   334                              <1> %define telldir _ %+ telldir
   335                              <1> %define tempnam _ %+ tempnam
   336                              <1> %define time _ %+ time
   337                              <1> %define timegm _ %+ timegm
   338                              <1> %define timelocal _ %+ timelocal
   339                              <1> %define tmpfile _ %+ tmpfile
   340                              <1> %define tmpnam _ %+ tmpnam
   341                              <1> %define ulimit _ %+ ulimit
   342                              <1> %define umask _ %+ umask
   343                              <1> %define ungetc _ %+ ungetc
   344                              <1> %define unlink _ %+ unlink
   345                              <1> %define unsetenv _ %+ unsetenv
   346                              <1> %define usleep _ %+ usleep
   347                              <1> %define ustat _ %+ ustat
   348                              <1> %define utime _ %+ utime
   349                              <1> %define utimes _ %+ utimes
   350                              <1> %define valloc _ %+ valloc
   351                              <1> %define vasprintf _ %+ vasprintf
   352                              <1> %define vfork _ %+ vfork
   353                              <1> %define vfprintf _ %+ vfprintf
   354                              <1> %define vfscanf _ %+ vfscanf
   355                              <1> %define vprintf _ %+ vprintf
   356                              <1> %define vscanf _ %+ vscanf
   357                              <1> %define vserver _ %+ vserver
   358                              <1> %define vsnprintf _ %+ vsnprintf
   359                              <1> %define vsprintf _ %+ vsprintf
   360                              <1> %define vsscanf _ %+ vsscanf
   361                              <1> %define wait _ %+ wait
   362                              <1> %define wait3 _ %+ wait3
   363                              <1> %define wait4 _ %+ wait4
   364                              <1> %define waitid _ %+ waitid
   365                              <1> %define waitpid _ %+ waitpid
   366                              <1> %define write _ %+ write
   367                              <1> %else
   368                              <1> %define start _start
   369                              <1> %macro cname 1-*
   370                              <1> %rep %0
   371                              <1> %undef %1
   372                              <1> %rotate 1
   373                              <1> %endrep
   374                              <1> %endmacro
   375                              <1> %macro CNAME 1-*
   376                              <1> %rep %0
   377                              <1> %undef %1
   378                              <1> %rotate 1
   379                              <1> %endrep
   380                              <1> %endmacro
   381                              <1> %macro defaultrel  0.nolist
   382                              <1> %endmacro
   383                              <1> %endif
   384                              <1>     defaultrel
   385                              <1> %undef defaultrel
   386                              <1> 
   387                              <1> %ifdef WINDOWS
   388                              <1> ;
   389                              <1> ;   frame  [parameters] [locals] [new_parameters]
   390                              <1> ;   parameters > 4 on stack
   391                              <1> ;
   392                              <1> %macro frame 0-3 0,0,0   ; %1, %2 & %3 default to 0 
   393                              <1> %if %3 <= 4
   394                              <1> %assign xp 0
   395                              <1> %else
   396                              <1> %assign xp %3-4
   397                              <1> %endif
   398                              <1> %if %2 <= 4
   399                              <1> %assign locals 0
   400                              <1> %else
   401                              <1> %assign locals %2-4
   402                              <1> %endif
   403                              <1> ;   Subtract enough for locals and then parameters past 6
   404                              <1> %assign frame_size (4+locals+xp+1)/2*16
   405                              <1> %endmacro
   406                              <1> %undef xp
   407                              <1> %undef locals
   408                              <1> 
   409                              <1> ;   Windows
   410                              <1> ;   First 4 local variables are in the stack frame
   411                              <1> 
   412                              <1> local4 equ 16
   413                              <1> local3 equ 24
   414                              <1> local2 equ 32
   415                              <1> local1 equ 40
   416                              <1> 
   417                              <1> ;   Local variables after 4 relative to rbp with negative offsets
   418                              <1> ;
   419                              <1> ;   local5 will be -8
   420                              <1> ;   local6 will be -16
   421                              <1> ;   ...
   422                              <1> ;   local100 be be -768
   423                              <1> ;   [rbp+localX]
   424                              <1> 
   425                              <1> %macro local 1
   426                              <1> local%1 equ   -8*(%1-4)
   427                              <1> %endmacro
   428                              <1> %assign i 5
   429                              <1> %rep 100
   430                              <1>      local i
   431                              <1>      %assign i i+1
   432                              <1> %endrep
   432                              <2>  local i
   432                              <3> local%1 equ -8*(%1-4)
   432                              <2>  %assign i i+1
   432                              <2>  local i
   432                              <3> local%1 equ -8*(%1-4)
   432                              <2>  %assign i i+1
   432                              <2>  local i
   432                              <3> local%1 equ -8*(%1-4)
   432                              <2>  %assign i i+1
   432                              <2>  local i
   432                              <3> local%1 equ -8*(%1-4)
   432                              <2>  %assign i i+1
   432                              <2>  local i
   432                              <3> local%1 equ -8*(%1-4)
   432                              <2>  %assign i i+1
   432                              <2>  local i
   432                              <3> local%1 equ -8*(%1-4)
   432                              <2>  %assign i i+1
   432                              <2>  local i
   432                              <3> local%1 equ -8*(%1-4)
   432                              <2>  %assign i i+1
   432                              <2>  local i
   432                              <3> local%1 equ -8*(%1-4)
   432                              <2>  %assign i i+1
   432                              <2>  local i
   432                              <3> local%1 equ -8*(%1-4)
   432                              <2>  %assign i i+1
   432                              <2>  local i
   432                              <3> local%1 equ -8*(%1-4)
   432                              <2>  %assign i i+1
   432                              <2>  local i
   432                              <3> local%1 equ -8*(%1-4)
   432                              <2>  %assign i i+1
   432                              <2>  local i
   432                              <3> local%1 equ -8*(%1-4)
   432                              <2>  %assign i i+1
   432                              <2>  local i
   432                              <3> local%1 equ -8*(%1-4)
   432                              <2>  %assign i i+1
   432                              <2>  local i
   432                              <3> local%1 equ -8*(%1-4)
   432                              <2>  %assign i i+1
   432                              <2>  local i
   432                              <3> local%1 equ -8*(%1-4)
   432                              <2>  %assign i i+1
   432                              <2>  local i
   432                              <3> local%1 equ -8*(%1-4)
   432                              <2>  %assign i i+1
   432                              <2>  local i
   432                              <3> local%1 equ -8*(%1-4)
   432                              <2>  %assign i i+1
   432                              <2>  local i
   432                              <3> local%1 equ -8*(%1-4)
   432                              <2>  %assign i i+1
   432                              <2>  local i
   432                              <3> local%1 equ -8*(%1-4)
   432                              <2>  %assign i i+1
   432                              <2>  local i
   432                              <3> local%1 equ -8*(%1-4)
   432                              <2>  %assign i i+1
   432                              <2>  local i
   432                              <3> local%1 equ -8*(%1-4)
   432                              <2>  %assign i i+1
   432                              <2>  local i
   432                              <3> local%1 equ -8*(%1-4)
   432                              <2>  %assign i i+1
   432                              <2>  local i
   432                              <3> local%1 equ -8*(%1-4)
   432                              <2>  %assign i i+1
   432                              <2>  local i
   432                              <3> local%1 equ -8*(%1-4)
   432                              <2>  %assign i i+1
   432                              <2>  local i
   432                              <3> local%1 equ -8*(%1-4)
   432                              <2>  %assign i i+1
   432                              <2>  local i
   432                              <3> local%1 equ -8*(%1-4)
   432                              <2>  %assign i i+1
   432                              <2>  local i
   432                              <3> local%1 equ -8*(%1-4)
   432                              <2>  %assign i i+1
   432                              <2>  local i
   432                              <3> local%1 equ -8*(%1-4)
   432                              <2>  %assign i i+1
   432                              <2>  local i
   432                              <3> local%1 equ -8*(%1-4)
   432                              <2>  %assign i i+1
   432                              <2>  local i
   432                              <3> local%1 equ -8*(%1-4)
   432                              <2>  %assign i i+1
   432                              <2>  local i
   432                              <3> local%1 equ -8*(%1-4)
   432                              <2>  %assign i i+1
   432                              <2>  local i
   432                              <3> local%1 equ -8*(%1-4)
   432                              <2>  %assign i i+1
   432                              <2>  local i
   432                              <3> local%1 equ -8*(%1-4)
   432                              <2>  %assign i i+1
   432                              <2>  local i
   432                              <3> local%1 equ -8*(%1-4)
   432                              <2>  %assign i i+1
   432                              <2>  local i
   432                              <3> local%1 equ -8*(%1-4)
   432                              <2>  %assign i i+1
   432                              <2>  local i
   432                              <3> local%1 equ -8*(%1-4)
   432                              <2>  %assign i i+1
   432                              <2>  local i
   432                              <3> local%1 equ -8*(%1-4)
   432                              <2>  %assign i i+1
   432                              <2>  local i
   432                              <3> local%1 equ -8*(%1-4)
   432                              <2>  %assign i i+1
   432                              <2>  local i
   432                              <3> local%1 equ -8*(%1-4)
   432                              <2>  %assign i i+1
   432                              <2>  local i
   432                              <3> local%1 equ -8*(%1-4)
   432                              <2>  %assign i i+1
   432                              <2>  local i
   432                              <3> local%1 equ -8*(%1-4)
   432                              <2>  %assign i i+1
   432                              <2>  local i
   432                              <3> local%1 equ -8*(%1-4)
   432                              <2>  %assign i i+1
   432                              <2>  local i
   432                              <3> local%1 equ -8*(%1-4)
   432                              <2>  %assign i i+1
   432                              <2>  local i
   432                              <3> local%1 equ -8*(%1-4)
   432                              <2>  %assign i i+1
   432                              <2>  local i
   432                              <3> local%1 equ -8*(%1-4)
   432                              <2>  %assign i i+1
   432                              <2>  local i
   432                              <3> local%1 equ -8*(%1-4)
   432                              <2>  %assign i i+1
   432                              <2>  local i
   432                              <3> local%1 equ -8*(%1-4)
   432                              <2>  %assign i i+1
   432                              <2>  local i
   432                              <3> local%1 equ -8*(%1-4)
   432                              <2>  %assign i i+1
   432                              <2>  local i
   432                              <3> local%1 equ -8*(%1-4)
   432                              <2>  %assign i i+1
   432                              <2>  local i
   432                              <3> local%1 equ -8*(%1-4)
   432                              <2>  %assign i i+1
   432                              <2>  local i
   432                              <3> local%1 equ -8*(%1-4)
   432                              <2>  %assign i i+1
   432                              <2>  local i
   432                              <3> local%1 equ -8*(%1-4)
   432                              <2>  %assign i i+1
   432                              <2>  local i
   432                              <3> local%1 equ -8*(%1-4)
   432                              <2>  %assign i i+1
   432                              <2>  local i
   432                              <3> local%1 equ -8*(%1-4)
   432                              <2>  %assign i i+1
   432                              <2>  local i
   432                              <3> local%1 equ -8*(%1-4)
   432                              <2>  %assign i i+1
   432                              <2>  local i
   432                              <3> local%1 equ -8*(%1-4)
   432                              <2>  %assign i i+1
   432                              <2>  local i
   432                              <3> local%1 equ -8*(%1-4)
   432                              <2>  %assign i i+1
   432                              <2>  local i
   432                              <3> local%1 equ -8*(%1-4)
   432                              <2>  %assign i i+1
   432                              <2>  local i
   432                              <3> local%1 equ -8*(%1-4)
   432                              <2>  %assign i i+1
   432                              <2>  local i
   432                              <3> local%1 equ -8*(%1-4)
   432                              <2>  %assign i i+1
   432                              <2>  local i
   432                              <3> local%1 equ -8*(%1-4)
   432                              <2>  %assign i i+1
   432                              <2>  local i
   432                              <3> local%1 equ -8*(%1-4)
   432                              <2>  %assign i i+1
   432                              <2>  local i
   432                              <3> local%1 equ -8*(%1-4)
   432                              <2>  %assign i i+1
   432                              <2>  local i
   432                              <3> local%1 equ -8*(%1-4)
   432                              <2>  %assign i i+1
   432                              <2>  local i
   432                              <3> local%1 equ -8*(%1-4)
   432                              <2>  %assign i i+1
   432                              <2>  local i
   432                              <3> local%1 equ -8*(%1-4)
   432                              <2>  %assign i i+1
   432                              <2>  local i
   432                              <3> local%1 equ -8*(%1-4)
   432                              <2>  %assign i i+1
   432                              <2>  local i
   432                              <3> local%1 equ -8*(%1-4)
   432                              <2>  %assign i i+1
   432                              <2>  local i
   432                              <3> local%1 equ -8*(%1-4)
   432                              <2>  %assign i i+1
   432                              <2>  local i
   432                              <3> local%1 equ -8*(%1-4)
   432                              <2>  %assign i i+1
   432                              <2>  local i
   432                              <3> local%1 equ -8*(%1-4)
   432                              <2>  %assign i i+1
   432                              <2>  local i
   432                              <3> local%1 equ -8*(%1-4)
   432                              <2>  %assign i i+1
   432                              <2>  local i
   432                              <3> local%1 equ -8*(%1-4)
   432                              <2>  %assign i i+1
   432                              <2>  local i
   432                              <3> local%1 equ -8*(%1-4)
   432                              <2>  %assign i i+1
   432                              <2>  local i
   432                              <3> local%1 equ -8*(%1-4)
   432                              <2>  %assign i i+1
   432                              <2>  local i
   432                              <3> local%1 equ -8*(%1-4)
   432                              <2>  %assign i i+1
   432                              <2>  local i
   432                              <3> local%1 equ -8*(%1-4)
   432                              <2>  %assign i i+1
   432                              <2>  local i
   432                              <3> local%1 equ -8*(%1-4)
   432                              <2>  %assign i i+1
   432                              <2>  local i
   432                              <3> local%1 equ -8*(%1-4)
   432                              <2>  %assign i i+1
   432                              <2>  local i
   432                              <3> local%1 equ -8*(%1-4)
   432                              <2>  %assign i i+1
   432                              <2>  local i
   432                              <3> local%1 equ -8*(%1-4)
   432                              <2>  %assign i i+1
   432                              <2>  local i
   432                              <3> local%1 equ -8*(%1-4)
   432                              <2>  %assign i i+1
   432                              <2>  local i
   432                              <3> local%1 equ -8*(%1-4)
   432                              <2>  %assign i i+1
   432                              <2>  local i
   432                              <3> local%1 equ -8*(%1-4)
   432                              <2>  %assign i i+1
   432                              <2>  local i
   432                              <3> local%1 equ -8*(%1-4)
   432                              <2>  %assign i i+1
   432                              <2>  local i
   432                              <3> local%1 equ -8*(%1-4)
   432                              <2>  %assign i i+1
   432                              <2>  local i
   432                              <3> local%1 equ -8*(%1-4)
   432                              <2>  %assign i i+1
   432                              <2>  local i
   432                              <3> local%1 equ -8*(%1-4)
   432                              <2>  %assign i i+1
   432                              <2>  local i
   432                              <3> local%1 equ -8*(%1-4)
   432                              <2>  %assign i i+1
   432                              <2>  local i
   432                              <3> local%1 equ -8*(%1-4)
   432                              <2>  %assign i i+1
   432                              <2>  local i
   432                              <3> local%1 equ -8*(%1-4)
   432                              <2>  %assign i i+1
   432                              <2>  local i
   432                              <3> local%1 equ -8*(%1-4)
   432                              <2>  %assign i i+1
   432                              <2>  local i
   432                              <3> local%1 equ -8*(%1-4)
   432                              <2>  %assign i i+1
   432                              <2>  local i
   432                              <3> local%1 equ -8*(%1-4)
   432                              <2>  %assign i i+1
   432                              <2>  local i
   432                              <3> local%1 equ -8*(%1-4)
   432                              <2>  %assign i i+1
   432                              <2>  local i
   432                              <3> local%1 equ -8*(%1-4)
   432                              <2>  %assign i i+1
   432                              <2>  local i
   432                              <3> local%1 equ -8*(%1-4)
   432                              <2>  %assign i i+1
   432                              <2>  local i
   432                              <3> local%1 equ -8*(%1-4)
   432                              <2>  %assign i i+1
   432                              <2>  local i
   432                              <3> local%1 equ -8*(%1-4)
   432                              <2>  %assign i i+1
   432                              <2>  local i
   432                              <3> local%1 equ -8*(%1-4)
   432                              <2>  %assign i i+1
   433                              <1> %undef i   
   434                              <1> ;   Windows
   435                              <1> ;   Where to place extra parameters when you call a function with
   436                              <1> ;   more than 4 parameters.
   437                              <1> ;
   438                              <1> ;   newPar5 will be 32
   439                              <1> ;   newPar6 will be 40
   440                              <1> ;   ...
   441                              <1> ;   newPar100 will be 99*8 = 792
   442                              <1> ;   [rsp+newParX]
   443                              <1> 
   444                              <1> %macro newpar 1
   445                              <1> newPar%1  equ   8*(i-1)
   446                              <1> %endmacro
   447                              <1> %assign i 5
   448                              <1> %rep 96
   449                              <1>         newpar i
   450                              <1>         %assign i i+1
   451                              <1> %endrep
   451                              <2>  newpar i
   451                              <3> newPar%1 equ 8*(i-1)
   451                              <2>  %assign i i+1
   451                              <2>  newpar i
   451                              <3> newPar%1 equ 8*(i-1)
   451                              <2>  %assign i i+1
   451                              <2>  newpar i
   451                              <3> newPar%1 equ 8*(i-1)
   451                              <2>  %assign i i+1
   451                              <2>  newpar i
   451                              <3> newPar%1 equ 8*(i-1)
   451                              <2>  %assign i i+1
   451                              <2>  newpar i
   451                              <3> newPar%1 equ 8*(i-1)
   451                              <2>  %assign i i+1
   451                              <2>  newpar i
   451                              <3> newPar%1 equ 8*(i-1)
   451                              <2>  %assign i i+1
   451                              <2>  newpar i
   451                              <3> newPar%1 equ 8*(i-1)
   451                              <2>  %assign i i+1
   451                              <2>  newpar i
   451                              <3> newPar%1 equ 8*(i-1)
   451                              <2>  %assign i i+1
   451                              <2>  newpar i
   451                              <3> newPar%1 equ 8*(i-1)
   451                              <2>  %assign i i+1
   451                              <2>  newpar i
   451                              <3> newPar%1 equ 8*(i-1)
   451                              <2>  %assign i i+1
   451                              <2>  newpar i
   451                              <3> newPar%1 equ 8*(i-1)
   451                              <2>  %assign i i+1
   451                              <2>  newpar i
   451                              <3> newPar%1 equ 8*(i-1)
   451                              <2>  %assign i i+1
   451                              <2>  newpar i
   451                              <3> newPar%1 equ 8*(i-1)
   451                              <2>  %assign i i+1
   451                              <2>  newpar i
   451                              <3> newPar%1 equ 8*(i-1)
   451                              <2>  %assign i i+1
   451                              <2>  newpar i
   451                              <3> newPar%1 equ 8*(i-1)
   451                              <2>  %assign i i+1
   451                              <2>  newpar i
   451                              <3> newPar%1 equ 8*(i-1)
   451                              <2>  %assign i i+1
   451                              <2>  newpar i
   451                              <3> newPar%1 equ 8*(i-1)
   451                              <2>  %assign i i+1
   451                              <2>  newpar i
   451                              <3> newPar%1 equ 8*(i-1)
   451                              <2>  %assign i i+1
   451                              <2>  newpar i
   451                              <3> newPar%1 equ 8*(i-1)
   451                              <2>  %assign i i+1
   451                              <2>  newpar i
   451                              <3> newPar%1 equ 8*(i-1)
   451                              <2>  %assign i i+1
   451                              <2>  newpar i
   451                              <3> newPar%1 equ 8*(i-1)
   451                              <2>  %assign i i+1
   451                              <2>  newpar i
   451                              <3> newPar%1 equ 8*(i-1)
   451                              <2>  %assign i i+1
   451                              <2>  newpar i
   451                              <3> newPar%1 equ 8*(i-1)
   451                              <2>  %assign i i+1
   451                              <2>  newpar i
   451                              <3> newPar%1 equ 8*(i-1)
   451                              <2>  %assign i i+1
   451                              <2>  newpar i
   451                              <3> newPar%1 equ 8*(i-1)
   451                              <2>  %assign i i+1
   451                              <2>  newpar i
   451                              <3> newPar%1 equ 8*(i-1)
   451                              <2>  %assign i i+1
   451                              <2>  newpar i
   451                              <3> newPar%1 equ 8*(i-1)
   451                              <2>  %assign i i+1
   451                              <2>  newpar i
   451                              <3> newPar%1 equ 8*(i-1)
   451                              <2>  %assign i i+1
   451                              <2>  newpar i
   451                              <3> newPar%1 equ 8*(i-1)
   451                              <2>  %assign i i+1
   451                              <2>  newpar i
   451                              <3> newPar%1 equ 8*(i-1)
   451                              <2>  %assign i i+1
   451                              <2>  newpar i
   451                              <3> newPar%1 equ 8*(i-1)
   451                              <2>  %assign i i+1
   451                              <2>  newpar i
   451                              <3> newPar%1 equ 8*(i-1)
   451                              <2>  %assign i i+1
   451                              <2>  newpar i
   451                              <3> newPar%1 equ 8*(i-1)
   451                              <2>  %assign i i+1
   451                              <2>  newpar i
   451                              <3> newPar%1 equ 8*(i-1)
   451                              <2>  %assign i i+1
   451                              <2>  newpar i
   451                              <3> newPar%1 equ 8*(i-1)
   451                              <2>  %assign i i+1
   451                              <2>  newpar i
   451                              <3> newPar%1 equ 8*(i-1)
   451                              <2>  %assign i i+1
   451                              <2>  newpar i
   451                              <3> newPar%1 equ 8*(i-1)
   451                              <2>  %assign i i+1
   451                              <2>  newpar i
   451                              <3> newPar%1 equ 8*(i-1)
   451                              <2>  %assign i i+1
   451                              <2>  newpar i
   451                              <3> newPar%1 equ 8*(i-1)
   451                              <2>  %assign i i+1
   451                              <2>  newpar i
   451                              <3> newPar%1 equ 8*(i-1)
   451                              <2>  %assign i i+1
   451                              <2>  newpar i
   451                              <3> newPar%1 equ 8*(i-1)
   451                              <2>  %assign i i+1
   451                              <2>  newpar i
   451                              <3> newPar%1 equ 8*(i-1)
   451                              <2>  %assign i i+1
   451                              <2>  newpar i
   451                              <3> newPar%1 equ 8*(i-1)
   451                              <2>  %assign i i+1
   451                              <2>  newpar i
   451                              <3> newPar%1 equ 8*(i-1)
   451                              <2>  %assign i i+1
   451                              <2>  newpar i
   451                              <3> newPar%1 equ 8*(i-1)
   451                              <2>  %assign i i+1
   451                              <2>  newpar i
   451                              <3> newPar%1 equ 8*(i-1)
   451                              <2>  %assign i i+1
   451                              <2>  newpar i
   451                              <3> newPar%1 equ 8*(i-1)
   451                              <2>  %assign i i+1
   451                              <2>  newpar i
   451                              <3> newPar%1 equ 8*(i-1)
   451                              <2>  %assign i i+1
   451                              <2>  newpar i
   451                              <3> newPar%1 equ 8*(i-1)
   451                              <2>  %assign i i+1
   451                              <2>  newpar i
   451                              <3> newPar%1 equ 8*(i-1)
   451                              <2>  %assign i i+1
   451                              <2>  newpar i
   451                              <3> newPar%1 equ 8*(i-1)
   451                              <2>  %assign i i+1
   451                              <2>  newpar i
   451                              <3> newPar%1 equ 8*(i-1)
   451                              <2>  %assign i i+1
   451                              <2>  newpar i
   451                              <3> newPar%1 equ 8*(i-1)
   451                              <2>  %assign i i+1
   451                              <2>  newpar i
   451                              <3> newPar%1 equ 8*(i-1)
   451                              <2>  %assign i i+1
   451                              <2>  newpar i
   451                              <3> newPar%1 equ 8*(i-1)
   451                              <2>  %assign i i+1
   451                              <2>  newpar i
   451                              <3> newPar%1 equ 8*(i-1)
   451                              <2>  %assign i i+1
   451                              <2>  newpar i
   451                              <3> newPar%1 equ 8*(i-1)
   451                              <2>  %assign i i+1
   451                              <2>  newpar i
   451                              <3> newPar%1 equ 8*(i-1)
   451                              <2>  %assign i i+1
   451                              <2>  newpar i
   451                              <3> newPar%1 equ 8*(i-1)
   451                              <2>  %assign i i+1
   451                              <2>  newpar i
   451                              <3> newPar%1 equ 8*(i-1)
   451                              <2>  %assign i i+1
   451                              <2>  newpar i
   451                              <3> newPar%1 equ 8*(i-1)
   451                              <2>  %assign i i+1
   451                              <2>  newpar i
   451                              <3> newPar%1 equ 8*(i-1)
   451                              <2>  %assign i i+1
   451                              <2>  newpar i
   451                              <3> newPar%1 equ 8*(i-1)
   451                              <2>  %assign i i+1
   451                              <2>  newpar i
   451                              <3> newPar%1 equ 8*(i-1)
   451                              <2>  %assign i i+1
   451                              <2>  newpar i
   451                              <3> newPar%1 equ 8*(i-1)
   451                              <2>  %assign i i+1
   451                              <2>  newpar i
   451                              <3> newPar%1 equ 8*(i-1)
   451                              <2>  %assign i i+1
   451                              <2>  newpar i
   451                              <3> newPar%1 equ 8*(i-1)
   451                              <2>  %assign i i+1
   451                              <2>  newpar i
   451                              <3> newPar%1 equ 8*(i-1)
   451                              <2>  %assign i i+1
   451                              <2>  newpar i
   451                              <3> newPar%1 equ 8*(i-1)
   451                              <2>  %assign i i+1
   451                              <2>  newpar i
   451                              <3> newPar%1 equ 8*(i-1)
   451                              <2>  %assign i i+1
   451                              <2>  newpar i
   451                              <3> newPar%1 equ 8*(i-1)
   451                              <2>  %assign i i+1
   451                              <2>  newpar i
   451                              <3> newPar%1 equ 8*(i-1)
   451                              <2>  %assign i i+1
   451                              <2>  newpar i
   451                              <3> newPar%1 equ 8*(i-1)
   451                              <2>  %assign i i+1
   451                              <2>  newpar i
   451                              <3> newPar%1 equ 8*(i-1)
   451                              <2>  %assign i i+1
   451                              <2>  newpar i
   451                              <3> newPar%1 equ 8*(i-1)
   451                              <2>  %assign i i+1
   451                              <2>  newpar i
   451                              <3> newPar%1 equ 8*(i-1)
   451                              <2>  %assign i i+1
   451                              <2>  newpar i
   451                              <3> newPar%1 equ 8*(i-1)
   451                              <2>  %assign i i+1
   451                              <2>  newpar i
   451                              <3> newPar%1 equ 8*(i-1)
   451                              <2>  %assign i i+1
   451                              <2>  newpar i
   451                              <3> newPar%1 equ 8*(i-1)
   451                              <2>  %assign i i+1
   451                              <2>  newpar i
   451                              <3> newPar%1 equ 8*(i-1)
   451                              <2>  %assign i i+1
   451                              <2>  newpar i
   451                              <3> newPar%1 equ 8*(i-1)
   451                              <2>  %assign i i+1
   451                              <2>  newpar i
   451                              <3> newPar%1 equ 8*(i-1)
   451                              <2>  %assign i i+1
   451                              <2>  newpar i
   451                              <3> newPar%1 equ 8*(i-1)
   451                              <2>  %assign i i+1
   451                              <2>  newpar i
   451                              <3> newPar%1 equ 8*(i-1)
   451                              <2>  %assign i i+1
   451                              <2>  newpar i
   451                              <3> newPar%1 equ 8*(i-1)
   451                              <2>  %assign i i+1
   451                              <2>  newpar i
   451                              <3> newPar%1 equ 8*(i-1)
   451                              <2>  %assign i i+1
   451                              <2>  newpar i
   451                              <3> newPar%1 equ 8*(i-1)
   451                              <2>  %assign i i+1
   451                              <2>  newpar i
   451                              <3> newPar%1 equ 8*(i-1)
   451                              <2>  %assign i i+1
   451                              <2>  newpar i
   451                              <3> newPar%1 equ 8*(i-1)
   451                              <2>  %assign i i+1
   451                              <2>  newpar i
   451                              <3> newPar%1 equ 8*(i-1)
   451                              <2>  %assign i i+1
   451                              <2>  newpar i
   451                              <3> newPar%1 equ 8*(i-1)
   451                              <2>  %assign i i+1
   451                              <2>  newpar i
   451                              <3> newPar%1 equ 8*(i-1)
   451                              <2>  %assign i i+1
   451                              <2>  newpar i
   451                              <3> newPar%1 equ 8*(i-1)
   451                              <2>  %assign i i+1
   451                              <2>  newpar i
   451                              <3> newPar%1 equ 8*(i-1)
   451                              <2>  %assign i i+1
   451                              <2>  newpar i
   451                              <3> newPar%1 equ 8*(i-1)
   451                              <2>  %assign i i+1
   451                              <2>  newpar i
   451                              <3> newPar%1 equ 8*(i-1)
   451                              <2>  %assign i i+1
   452                              <1> %undef i   
   453                              <1> 
   454                              <1> ;   Windows
   455                              <1> ;   Where to find additional parameters to current function
   456                              <1> ;   past parameter 4
   457                              <1> ;
   458                              <1> ;   currPar5 will be 48
   459                              <1> ;   currPar6 will be 56
   460                              <1> ;   ...
   461                              <1> ;   currPar100 will be 808
   462                              <1> ;   [rbp+currParX]
   463                              <1> 
   464                              <1> %macro parequ 1
   465                              <1> currPar%1  equ 8*(%1+1)
   466                              <1> %endmacro
   467                              <1> 
   468                              <1> %assign i 5
   469                              <1> %rep 96
   470                              <1>         parequ i
   471                              <1>         %assign i i+1
   472                              <1> %endrep
   472                              <2>  parequ i
   472                              <3> currPar%1 equ 8*(%1+1)
   472                              <2>  %assign i i+1
   472                              <2>  parequ i
   472                              <3> currPar%1 equ 8*(%1+1)
   472                              <2>  %assign i i+1
   472                              <2>  parequ i
   472                              <3> currPar%1 equ 8*(%1+1)
   472                              <2>  %assign i i+1
   472                              <2>  parequ i
   472                              <3> currPar%1 equ 8*(%1+1)
   472                              <2>  %assign i i+1
   472                              <2>  parequ i
   472                              <3> currPar%1 equ 8*(%1+1)
   472                              <2>  %assign i i+1
   472                              <2>  parequ i
   472                              <3> currPar%1 equ 8*(%1+1)
   472                              <2>  %assign i i+1
   472                              <2>  parequ i
   472                              <3> currPar%1 equ 8*(%1+1)
   472                              <2>  %assign i i+1
   472                              <2>  parequ i
   472                              <3> currPar%1 equ 8*(%1+1)
   472                              <2>  %assign i i+1
   472                              <2>  parequ i
   472                              <3> currPar%1 equ 8*(%1+1)
   472                              <2>  %assign i i+1
   472                              <2>  parequ i
   472                              <3> currPar%1 equ 8*(%1+1)
   472                              <2>  %assign i i+1
   472                              <2>  parequ i
   472                              <3> currPar%1 equ 8*(%1+1)
   472                              <2>  %assign i i+1
   472                              <2>  parequ i
   472                              <3> currPar%1 equ 8*(%1+1)
   472                              <2>  %assign i i+1
   472                              <2>  parequ i
   472                              <3> currPar%1 equ 8*(%1+1)
   472                              <2>  %assign i i+1
   472                              <2>  parequ i
   472                              <3> currPar%1 equ 8*(%1+1)
   472                              <2>  %assign i i+1
   472                              <2>  parequ i
   472                              <3> currPar%1 equ 8*(%1+1)
   472                              <2>  %assign i i+1
   472                              <2>  parequ i
   472                              <3> currPar%1 equ 8*(%1+1)
   472                              <2>  %assign i i+1
   472                              <2>  parequ i
   472                              <3> currPar%1 equ 8*(%1+1)
   472                              <2>  %assign i i+1
   472                              <2>  parequ i
   472                              <3> currPar%1 equ 8*(%1+1)
   472                              <2>  %assign i i+1
   472                              <2>  parequ i
   472                              <3> currPar%1 equ 8*(%1+1)
   472                              <2>  %assign i i+1
   472                              <2>  parequ i
   472                              <3> currPar%1 equ 8*(%1+1)
   472                              <2>  %assign i i+1
   472                              <2>  parequ i
   472                              <3> currPar%1 equ 8*(%1+1)
   472                              <2>  %assign i i+1
   472                              <2>  parequ i
   472                              <3> currPar%1 equ 8*(%1+1)
   472                              <2>  %assign i i+1
   472                              <2>  parequ i
   472                              <3> currPar%1 equ 8*(%1+1)
   472                              <2>  %assign i i+1
   472                              <2>  parequ i
   472                              <3> currPar%1 equ 8*(%1+1)
   472                              <2>  %assign i i+1
   472                              <2>  parequ i
   472                              <3> currPar%1 equ 8*(%1+1)
   472                              <2>  %assign i i+1
   472                              <2>  parequ i
   472                              <3> currPar%1 equ 8*(%1+1)
   472                              <2>  %assign i i+1
   472                              <2>  parequ i
   472                              <3> currPar%1 equ 8*(%1+1)
   472                              <2>  %assign i i+1
   472                              <2>  parequ i
   472                              <3> currPar%1 equ 8*(%1+1)
   472                              <2>  %assign i i+1
   472                              <2>  parequ i
   472                              <3> currPar%1 equ 8*(%1+1)
   472                              <2>  %assign i i+1
   472                              <2>  parequ i
   472                              <3> currPar%1 equ 8*(%1+1)
   472                              <2>  %assign i i+1
   472                              <2>  parequ i
   472                              <3> currPar%1 equ 8*(%1+1)
   472                              <2>  %assign i i+1
   472                              <2>  parequ i
   472                              <3> currPar%1 equ 8*(%1+1)
   472                              <2>  %assign i i+1
   472                              <2>  parequ i
   472                              <3> currPar%1 equ 8*(%1+1)
   472                              <2>  %assign i i+1
   472                              <2>  parequ i
   472                              <3> currPar%1 equ 8*(%1+1)
   472                              <2>  %assign i i+1
   472                              <2>  parequ i
   472                              <3> currPar%1 equ 8*(%1+1)
   472                              <2>  %assign i i+1
   472                              <2>  parequ i
   472                              <3> currPar%1 equ 8*(%1+1)
   472                              <2>  %assign i i+1
   472                              <2>  parequ i
   472                              <3> currPar%1 equ 8*(%1+1)
   472                              <2>  %assign i i+1
   472                              <2>  parequ i
   472                              <3> currPar%1 equ 8*(%1+1)
   472                              <2>  %assign i i+1
   472                              <2>  parequ i
   472                              <3> currPar%1 equ 8*(%1+1)
   472                              <2>  %assign i i+1
   472                              <2>  parequ i
   472                              <3> currPar%1 equ 8*(%1+1)
   472                              <2>  %assign i i+1
   472                              <2>  parequ i
   472                              <3> currPar%1 equ 8*(%1+1)
   472                              <2>  %assign i i+1
   472                              <2>  parequ i
   472                              <3> currPar%1 equ 8*(%1+1)
   472                              <2>  %assign i i+1
   472                              <2>  parequ i
   472                              <3> currPar%1 equ 8*(%1+1)
   472                              <2>  %assign i i+1
   472                              <2>  parequ i
   472                              <3> currPar%1 equ 8*(%1+1)
   472                              <2>  %assign i i+1
   472                              <2>  parequ i
   472                              <3> currPar%1 equ 8*(%1+1)
   472                              <2>  %assign i i+1
   472                              <2>  parequ i
   472                              <3> currPar%1 equ 8*(%1+1)
   472                              <2>  %assign i i+1
   472                              <2>  parequ i
   472                              <3> currPar%1 equ 8*(%1+1)
   472                              <2>  %assign i i+1
   472                              <2>  parequ i
   472                              <3> currPar%1 equ 8*(%1+1)
   472                              <2>  %assign i i+1
   472                              <2>  parequ i
   472                              <3> currPar%1 equ 8*(%1+1)
   472                              <2>  %assign i i+1
   472                              <2>  parequ i
   472                              <3> currPar%1 equ 8*(%1+1)
   472                              <2>  %assign i i+1
   472                              <2>  parequ i
   472                              <3> currPar%1 equ 8*(%1+1)
   472                              <2>  %assign i i+1
   472                              <2>  parequ i
   472                              <3> currPar%1 equ 8*(%1+1)
   472                              <2>  %assign i i+1
   472                              <2>  parequ i
   472                              <3> currPar%1 equ 8*(%1+1)
   472                              <2>  %assign i i+1
   472                              <2>  parequ i
   472                              <3> currPar%1 equ 8*(%1+1)
   472                              <2>  %assign i i+1
   472                              <2>  parequ i
   472                              <3> currPar%1 equ 8*(%1+1)
   472                              <2>  %assign i i+1
   472                              <2>  parequ i
   472                              <3> currPar%1 equ 8*(%1+1)
   472                              <2>  %assign i i+1
   472                              <2>  parequ i
   472                              <3> currPar%1 equ 8*(%1+1)
   472                              <2>  %assign i i+1
   472                              <2>  parequ i
   472                              <3> currPar%1 equ 8*(%1+1)
   472                              <2>  %assign i i+1
   472                              <2>  parequ i
   472                              <3> currPar%1 equ 8*(%1+1)
   472                              <2>  %assign i i+1
   472                              <2>  parequ i
   472                              <3> currPar%1 equ 8*(%1+1)
   472                              <2>  %assign i i+1
   472                              <2>  parequ i
   472                              <3> currPar%1 equ 8*(%1+1)
   472                              <2>  %assign i i+1
   472                              <2>  parequ i
   472                              <3> currPar%1 equ 8*(%1+1)
   472                              <2>  %assign i i+1
   472                              <2>  parequ i
   472                              <3> currPar%1 equ 8*(%1+1)
   472                              <2>  %assign i i+1
   472                              <2>  parequ i
   472                              <3> currPar%1 equ 8*(%1+1)
   472                              <2>  %assign i i+1
   472                              <2>  parequ i
   472                              <3> currPar%1 equ 8*(%1+1)
   472                              <2>  %assign i i+1
   472                              <2>  parequ i
   472                              <3> currPar%1 equ 8*(%1+1)
   472                              <2>  %assign i i+1
   472                              <2>  parequ i
   472                              <3> currPar%1 equ 8*(%1+1)
   472                              <2>  %assign i i+1
   472                              <2>  parequ i
   472                              <3> currPar%1 equ 8*(%1+1)
   472                              <2>  %assign i i+1
   472                              <2>  parequ i
   472                              <3> currPar%1 equ 8*(%1+1)
   472                              <2>  %assign i i+1
   472                              <2>  parequ i
   472                              <3> currPar%1 equ 8*(%1+1)
   472                              <2>  %assign i i+1
   472                              <2>  parequ i
   472                              <3> currPar%1 equ 8*(%1+1)
   472                              <2>  %assign i i+1
   472                              <2>  parequ i
   472                              <3> currPar%1 equ 8*(%1+1)
   472                              <2>  %assign i i+1
   472                              <2>  parequ i
   472                              <3> currPar%1 equ 8*(%1+1)
   472                              <2>  %assign i i+1
   472                              <2>  parequ i
   472                              <3> currPar%1 equ 8*(%1+1)
   472                              <2>  %assign i i+1
   472                              <2>  parequ i
   472                              <3> currPar%1 equ 8*(%1+1)
   472                              <2>  %assign i i+1
   472                              <2>  parequ i
   472                              <3> currPar%1 equ 8*(%1+1)
   472                              <2>  %assign i i+1
   472                              <2>  parequ i
   472                              <3> currPar%1 equ 8*(%1+1)
   472                              <2>  %assign i i+1
   472                              <2>  parequ i
   472                              <3> currPar%1 equ 8*(%1+1)
   472                              <2>  %assign i i+1
   472                              <2>  parequ i
   472                              <3> currPar%1 equ 8*(%1+1)
   472                              <2>  %assign i i+1
   472                              <2>  parequ i
   472                              <3> currPar%1 equ 8*(%1+1)
   472                              <2>  %assign i i+1
   472                              <2>  parequ i
   472                              <3> currPar%1 equ 8*(%1+1)
   472                              <2>  %assign i i+1
   472                              <2>  parequ i
   472                              <3> currPar%1 equ 8*(%1+1)
   472                              <2>  %assign i i+1
   472                              <2>  parequ i
   472                              <3> currPar%1 equ 8*(%1+1)
   472                              <2>  %assign i i+1
   472                              <2>  parequ i
   472                              <3> currPar%1 equ 8*(%1+1)
   472                              <2>  %assign i i+1
   472                              <2>  parequ i
   472                              <3> currPar%1 equ 8*(%1+1)
   472                              <2>  %assign i i+1
   472                              <2>  parequ i
   472                              <3> currPar%1 equ 8*(%1+1)
   472                              <2>  %assign i i+1
   472                              <2>  parequ i
   472                              <3> currPar%1 equ 8*(%1+1)
   472                              <2>  %assign i i+1
   472                              <2>  parequ i
   472                              <3> currPar%1 equ 8*(%1+1)
   472                              <2>  %assign i i+1
   472                              <2>  parequ i
   472                              <3> currPar%1 equ 8*(%1+1)
   472                              <2>  %assign i i+1
   472                              <2>  parequ i
   472                              <3> currPar%1 equ 8*(%1+1)
   472                              <2>  %assign i i+1
   472                              <2>  parequ i
   472                              <3> currPar%1 equ 8*(%1+1)
   472                              <2>  %assign i i+1
   472                              <2>  parequ i
   472                              <3> currPar%1 equ 8*(%1+1)
   472                              <2>  %assign i i+1
   472                              <2>  parequ i
   472                              <3> currPar%1 equ 8*(%1+1)
   472                              <2>  %assign i i+1
   472                              <2>  parequ i
   472                              <3> currPar%1 equ 8*(%1+1)
   472                              <2>  %assign i i+1
   472                              <2>  parequ i
   472                              <3> currPar%1 equ 8*(%1+1)
   472                              <2>  %assign i i+1
   472                              <2>  parequ i
   472                              <3> currPar%1 equ 8*(%1+1)
   472                              <2>  %assign i i+1
   473                              <1> %undef i   
   474                              <1> 
   475                              <1> %else                       ; Linux/OS X
   476                              <1> ;
   477                              <1> ;   frame [parameters] [locals] [new_parameters]
   478                              <1> ;   parameters > 6 on stack
   479                              <1> ;
   480                              <1> %macro frame 0-3 0,0,0
   481                              <1> %if %3 <= 6
   482                              <1> %assign xp 0
   483                              <1> %else
   484                              <1> %assign xp %3-6
   485                              <1> %endif
   486                              <1> ;   Subtract enough for locals and then parameters past 6
   487                              <1> %assign frame_size (%2+xp+1)/2*16
   488                              <1> %endmacro
   489                              <1> %undef xp
   490                              <1> 
   491                              <1> ;   Linux
   492                              <1> ;   Local variables accessed relative to rbp with negative offsets
   493                              <1> ;
   494                              <1> ;   local1 will be -8
   495                              <1> ;   local2 will be -16
   496                              <1> ;   ...
   497                              <1> ;   local100 be be -800
   498                              <1> ;   [rbp+localX]
   499                              <1> 
   500                              <1> %macro local 1
   501                              <1> local%1 equ   -8*%1
   502                              <1> %endmacro
   503                              <1> %assign i 1
   504                              <1> %rep 100
   505                              <1>      local i
   506                              <1>      %assign i i+1
   507                              <1> %endrep
   508                              <1> %undef i
   509                              <1>    
   510                              <1> ;   Linux
   511                              <1> ;   Where to place extra parameters when you call a function with
   512                              <1> ;   more than 6 parameters.
   513                              <1> ;
   514                              <1> ;   newPar7 will be 0
   515                              <1> ;   newPar8 will be 8
   516                              <1> ;   ...
   517                              <1> ;   newPar100 will be 93*8 = 744
   518                              <1> ;   [rsp+newParX]
   519                              <1> 
   520                              <1> %macro newpar 1
   521                              <1> newPar%1  equ   8*(i-7)
   522                              <1> %endmacro
   523                              <1> %assign i 7
   524                              <1> %rep 94
   525                              <1>         newpar i
   526                              <1>         %assign i i+1
   527                              <1> %endrep
   528                              <1> %undef i
   529                              <1> 
   530                              <1> ;   Linux
   531                              <1> ;   Where to find additional parameters to current function
   532                              <1> ;   past parameter 6
   533                              <1> ;
   534                              <1> ;   currPar7 will be 16
   535                              <1> ;   currPar8 will be 24
   536                              <1> ;   ...
   537                              <1> ;   currPar100 will be 760
   538                              <1> ;   [rbp+currParX]
   539                              <1> 
   540                              <1> %macro parequ 1
   541                              <1> currPar%1  equ 16+8*(%1-7)
   542                              <1> %endmacro
   543                              <1> 
   544                              <1> %assign i 7
   545                              <1> %rep 94
   546                              <1>         parequ i
   547                              <1>         %assign i i+1
   548                              <1> %endrep
   549                              <1> %undef i
   550                              <1> 
   551                              <1> %endif      ; from original test on WINDOWS
   552                              <1> 
   553                              <1> %macro  multipush 2-*
   554                              <1> %rep %0
   555                              <1>         push %1
   556                              <1> %rotate 1
   557                              <1> %endrep
   558                              <1> %endmacro
   559                              <1> 
   560                              <1> %macro  multipop 2-*
   561                              <1> %rep %0
   562                              <1>         pop %1
   563                              <1> %rotate 1
   564                              <1> %endrep
   565                              <1> %endmacro
   566                              <1> 
   567                              <1> %define raxd eax
   568                              <1> %define raxw ax
   569                              <1> %define raxb al
   570                              <1> %define raxh ah
   571                              <1> 
   572                              <1> %define rbxd ebx
   573                              <1> %define rbxw bx
   574                              <1> %define rbxb bl
   575                              <1> %define rbxh bh
   576                              <1> 
   577                              <1> %define rcxd ecx
   578                              <1> %define rcxw cx
   579                              <1> %define rcxb cl
   580                              <1> %define rcxh ch
   581                              <1> 
   582                              <1> %define rdxd edx
   583                              <1> %define rdxw dx
   584                              <1> %define rdxb dl
   585                              <1> %define rdxh dh
   586                              <1> 
   587                              <1> %define rdid edi
   588                              <1> %define rdiw di
   589                              <1> %define rdib dil
   590                              <1> 
   591                              <1> %define rsid six
   592                              <1> %define rsiw si
   593                              <1> %define rsib sil
   594                              <1> 
   595                              <1> %define rbpd ebp
   596                              <1> %define rbpw bp
   597                              <1> 
   598                              <1> %macro alias 2
   599                              <1> %define q%1 %2
   600                              <1> %define d%1 %2d
   601                              <1> %define w%1 %2w
   602                              <1> %define b%1 %2b
   603                              <1> %define h%1 %2h
   604                              <1> %endmacro
   605                              <1> 
   606                              <1> %macro unalias 1-*
   607                              <1> %rep %0
   608                              <1> %undef q%1
   609                              <1> %undef d%1
   610                              <1> %undef w%1
   611                              <1> %undef b%1
   612                              <1> %undef h%1
   613                              <1> %rotate 1
   614                              <1> %endrep
   615                              <1> %endmacro
   616                              <1> 
   617                              <1> %macro fpalias 2
   618                              <1> %define y%1 ymm%2
   619                              <1> %define x%1 xmm%2
   620                              <1> %endmacro
   621                              <1> 
   622                              <1> %macro fpunalias 1-*
   623                              <1> %rep %0
   624                              <1> %undef y%1
   625                              <1> %undef x%1
   626                              <1> %rotate 1
   627                              <1> %endrep
   628                              <1> %endmacro
     1                                  ; add1.asm
     2                                  section .data
     3 00000000 AF00000000000000            a dq    175
     4 00000008 0110000000000000            b dq    4097
     5                                  section .text
     6                                      global main
     7                                  main:
     8 00000000 48B8-                       mov rax, a      ; mov address of a into rax
     8 00000002 [0000000000000000] 
     9 0000000A 488B0425[00000000]          mov rax, [a]    ; mov a (175) into rax
    10 00000012 48030425[08000000]          add rax, [b]    ; add b to rax
    11 0000001A 4831C0                      xor rax, rax    ; clear rax to 0
    12 0000001D C3                          ret
    13                                  
