     1                                  ; adouble.asm
     2                                  section .data
     3                                  section .bss
     4                                  section .text
     5                                  	global adouble
     6                                  adouble:
     7 00000000 4889F1                  	mov rcx, rsi		; array length
     8 00000003 4889FB                  	mov rbx, rdi		; address of array
     9 00000006 41BC00000000            	mov r12, 0
    10                                  
    11                                  aloop:
    12 0000000C F2420F1004E3            	movsd xmm0, qword[rbx + r12 * 8]
    13 00000012 F20F58C0                	addsd xmm0, xmm0
    14 00000016 F2420F1104E3            	movsd qword[rbx + r12 * 8], xmm0
    15 0000001C 49FFC4                  	inc r12
    16                                  ;	cmp rcx, r12
    17                                  ;	je done
    18 0000001F E2EB                    	loop aloop
    19                                  
    20 00000021 C9                      	leave
    21 00000022 C3                      	ret
