     1                                  ; circle.asm
     2                                  section .data
     3 00000000 50455254FB210940        	pi	dq 3.141592654
     4                                  section .bss
     5                                  section .text
     6                                  	global carea
     7                                  carea:
     8 00000000 55                      	push rbp
     9 00000001 4889E5                  	mov rbp, rsp
    10                                  
    11 00000004 F20F100C25-             	movsd xmm1, qword[pi]
    11 00000009 [00000000]         
    12 0000000D F20F59C1                	mulsd xmm0, xmm1		; radius in xmm0
    13                                  
    14 00000011 C9                      	leave
    15 00000012 C3                      	ret
    16                                  
    17                                  section .text
    18                                  	global ccircum
    19                                  ccircum:
    20 00000013 55                      	push rbp
    21 00000014 4889E5                  	mov rbp, rsp
    22                                  
    23 00000017 F20F100C25-             	movsd xmm1, qword[pi]
    23 0000001C [00000000]         
    24 00000020 F20F58C0                	addsd xmm0, xmm0		; radius in xmm0
    25 00000024 F20F59C1                	mulsd xmm0, xmm1
    26                                  
    27 00000028 C9                      	leave
    28 00000029 C3                      	ret
