Microsoft (R) Macro Assembler Version 14.29.30137.0	    11/30/21 23:42:18
CallingConvention_.asm					     Page 1 - 1


				    .model flat, c
 00000000			    .code

 00000000			CalculateSums_ proc
				; function prolog
 00000000  55			    push ebp
 00000001  8B EC		    mov ebp, esp
 00000003  83 EC 0C		    sub esp, 12
 00000006  53			    push ebx
 00000007  56			    push esi
 00000008  57			    push edi

				; load arguments
 00000009  8B 45 08		    mov eax, [ebp + 8]      ; eax = 'a'
 0000000C  8B 5D 0C		    mov ebx, [ebp + 12]     ; ebx = 'b'
 0000000F  8B 4D 10		    mov ecx, [ebp + 16]     ; ecx = 'c'
 00000012  8B 55 14		    mov edx, [ebp + 20]     ; edx = 's1'
 00000015  8B 75 18		    mov esi, [ebp + 24]     ; esi = 's2'
 00000018  8B 7D 1C		    mov edi, [ebp + 28]     ; edi = 's3'

				; compute 's1'
 0000001B  89 45 F4		    mov [ebp - 12], eax
 0000001E  01 5D F4		    add [ebp - 12], ebx
 00000021  01 4D F4		    add [ebp - 12], ecx      ; final 's1' result

				; compute 's2'
 00000024  0F AF C0		    imul eax, eax
 00000027  0F AF DB		    imul ebx, ebx
 0000002A  0F AF C9		    imul ecx, ecx
 0000002D  89 45 F8		    mov [ebp - 8], eax
 00000030  01 5D F8		    add [ebp - 8], ebx
 00000033  01 4D F8		    add [ebp - 8], ecx

				; compute 's3'
 00000036  0F AF 45 08		    imul eax, [ebp + 8]
 0000003A  0F AF 5D 0C		    imul ebx, [ebp + 12]
 0000003E  0F AF 4D 10		    imul ecx, [ebp + 16]
 00000042  89 45 FC		    mov [ebp - 4], eax
 00000045  01 5D FC		    add [ebp - 4], ebx
 00000048  01 4D FC		    add [ebp - 4], ecx

				; save s1' 's2' and 's3'
 0000004B  8B 45 F4		    mov eax, [ebp - 12]
 0000004E  89 02		    mov [edx], eax
 00000050  8B 45 F8		    mov eax, [ebp - 8]
 00000053  89 06		    mov [esi], eax
 00000055  8B 45 FC		    mov eax, [ebp - 4]
 00000058  89 07		    mov [edi], eax

				; function epolog
 0000005A  5F			    pop edi
 0000005B  5E			    pop esi
 0000005C  5B			    pop ebx
 0000005D  8B E5		    mov esp, ebp
 0000005F  5D			    pop ebp
 00000060  C3			    ret

 00000061			CalculateSums_ endp
				    end
Microsoft (R) Macro Assembler Version 14.29.30137.0	    11/30/21 23:42:18
CallingConvention_.asm					     Symbols 2 - 1




Segments and Groups:

                N a m e                 Size     Length   Align   Combine Class

FLAT . . . . . . . . . . . . . .	GROUP
_DATA  . . . . . . . . . . . . .	32 Bit	 00000000 Para	  Public  'DATA'	
_TEXT  . . . . . . . . . . . . .	32 Bit	 00000061 Para	  Public  'CODE'	


Procedures, parameters, and locals:

                N a m e                 Type     Value    Attr

CalculateSums_ . . . . . . . . .	P Near	 00000000 _TEXT	Length= 00000061 Public C


Symbols:

                N a m e                 Type     Value    Attr

@CodeSize  . . . . . . . . . . .	Number	 00000000h   
@DataSize  . . . . . . . . . . .	Number	 00000000h   
@Interface . . . . . . . . . . .	Number	 00000001h   
@Model . . . . . . . . . . . . .	Number	 00000007h   
@code  . . . . . . . . . . . . .	Text   	 _TEXT
@data  . . . . . . . . . . . . .	Text   	 FLAT
@fardata?  . . . . . . . . . . .	Text   	 FLAT
@fardata . . . . . . . . . . . .	Text   	 FLAT
@stack . . . . . . . . . . . . .	Text   	 FLAT

	   0 Warnings
	   0 Errors
