     1                                  	segment .data
     2 00000000 04000000                a	dd	4
     3 00000004 CDCC8C40                b	dd	4.4
     4 00000008 00000000<rept>          c	times	10	dd	0
     5 00000030 01000200                d	dw	1,	2
     6 00000034 FB                      e	db	0xfb
     7 00000035 68656C6C6F20776F72-     f	db	"hello world", 0 
     7 0000003E 6C6400             
     8                                  	segment .bss
     9 00000000 <res 00000004>          g	resd	1
    10 00000004 <res 00000028>          h	resd	10
    11 0000002C <res 00000190>          i	resd	100
    12                                  
    13                                  	segment .text
    14                                  	global main		; let the linker know aout main
    15                                  main:
    16 00000000 55                      	push	rbp		; set up a stack frmae for main
    17 00000001 4889E5                  	mov	rbp, rsp	; set rbp to point to the stack frame
    18 00000004 4883EC10                	sub 	rsp, 16		; leave some room for local variables
    19                                  				; leave rsp on a 16 byte boundry
    20 00000008 31C0                    	xor	eax, eax	; set rax to 0 for return value
    21 0000000A C9                      	leave			;undo the stack frame manipuations
    22 0000000B C3                      	ret
